[20Jul2026 10:59:55.432] [main/INFO] [cpw.mods.modlauncher.Launcher/MODLAUNCHER]: ModLauncher running: args [--launchTarget, forgeserver, --fml.neoForgeVersion, 21.1.241, --fml.fmlVersion, 4.0.43, --fml.mcVersion, 1.21.1, --fml.neoFormVersion, 20240808.144430]
[20Jul2026 10:59:55.435] [main/INFO] [cpw.mods.modlauncher.Launcher/MODLAUNCHER]: JVM identified as Oracle Corporation OpenJDK 64-Bit Server VM 25.0.4+1
[20Jul2026 10:59:55.437] [main/INFO] [cpw.mods.modlauncher.Launcher/MODLAUNCHER]: ModLauncher 11.0.5+main.901c6ea8 starting: java version 25.0.4 by N/A; OS Linux arch amd64 version 6.18.35
[20Jul2026 10:59:55.464] [main/DEBUG] [cpw.mods.modlauncher.LaunchServiceHandler/MODLAUNCHER]: Found launch services [minecraft,forgeclient,forgedatauserdev,testharness,forgeserverdev,forgeserveruserdev,forgejunitdev,forgeclientdev,forgeclientuserdev,forgeserver,forgejunituserdev,forgedatadev]
[20Jul2026 10:59:55.492] [main/DEBUG] [cpw.mods.modlauncher.LaunchPluginHandler/MODLAUNCHER]: Found launch plugins: [mixin,slf4jfixer,runtime_enum_extender,accesstransformer,runtimedistcleaner]
[20Jul2026 10:59:55.506] [main/DEBUG] [cpw.mods.modlauncher.TransformationServicesHandler/MODLAUNCHER]: Discovering transformation services
[20Jul2026 10:59:55.512] [main/DEBUG] [net.neoforged.fml.loading.FMLPaths/CORE]: Path GAMEDIR is /minecraft-servers/glorpCraft/mods
[20Jul2026 10:59:55.512] [main/DEBUG] [net.neoforged.fml.loading.FMLPaths/CORE]: Path MODSDIR is /minecraft-servers/glorpCraft/mods/mods
[20Jul2026 10:59:55.512] [main/DEBUG] [net.neoforged.fml.loading.FMLPaths/CORE]: Path CONFIGDIR is /minecraft-servers/glorpCraft/mods/config
[20Jul2026 10:59:55.512] [main/DEBUG] [net.neoforged.fml.loading.FMLPaths/CORE]: Path FMLCONFIG is /minecraft-servers/glorpCraft/mods/config/fml.toml
[20Jul2026 10:59:55.553] [main/TRACE] [net.neoforged.fml.loading.FMLConfig/CORE]: Loaded FML config from /minecraft-servers/glorpCraft/mods/config/fml.toml
[20Jul2026 10:59:55.553] [main/TRACE] [net.neoforged.fml.loading.FMLConfig/CORE]: FMLConfig disableConfigWatcher is false
[20Jul2026 10:59:55.553] [main/TRACE] [net.neoforged.fml.loading.FMLConfig/CORE]: FMLConfig earlyWindowControl is true
[20Jul2026 10:59:55.554] [main/TRACE] [net.neoforged.fml.loading.FMLConfig/CORE]: FMLConfig maxThreads is 48
[20Jul2026 10:59:55.554] [main/TRACE] [net.neoforged.fml.loading.FMLConfig/CORE]: FMLConfig versionCheck is true
[20Jul2026 10:59:55.554] [main/TRACE] [net.neoforged.fml.loading.FMLConfig/CORE]: FMLConfig defaultConfigPath is defaultconfigs
[20Jul2026 10:59:55.554] [main/TRACE] [net.neoforged.fml.loading.FMLConfig/CORE]: FMLConfig disableOptimizedDFU is true
[20Jul2026 10:59:55.554] [main/TRACE] [net.neoforged.fml.loading.FMLConfig/CORE]: FMLConfig earlyWindowProvider is fmlearlywindow
[20Jul2026 10:59:55.554] [main/TRACE] [net.neoforged.fml.loading.FMLConfig/CORE]: FMLConfig earlyWindowWidth is 854
[20Jul2026 10:59:55.554] [main/TRACE] [net.neoforged.fml.loading.FMLConfig/CORE]: FMLConfig earlyWindowHeight is 480
[20Jul2026 10:59:55.555] [main/TRACE] [net.neoforged.fml.loading.FMLConfig/CORE]: FMLConfig earlyWindowFBScale is 1
[20Jul2026 10:59:55.555] [main/TRACE] [net.neoforged.fml.loading.FMLConfig/CORE]: FMLConfig earlyWindowMaximized is false
[20Jul2026 10:59:55.555] [main/TRACE] [net.neoforged.fml.loading.FMLConfig/CORE]: FMLConfig earlyWindowSkipGLVersions is []
[20Jul2026 10:59:55.555] [main/TRACE] [net.neoforged.fml.loading.FMLConfig/CORE]: FMLConfig earlyWindowSquir is false
[20Jul2026 10:59:55.559] [main/DEBUG] [cpw.mods.modlauncher.TransformationServicesHandler/MODLAUNCHER]: Found additional transformation services from discovery services: 
[20Jul2026 10:59:55.569] [main/INFO] [net.neoforged.fml.loading.ImmediateWindowHandler/]: ImmediateWindowProvider not loading because launch target is forgeserver
[20Jul2026 10:59:55.579] [main/DEBUG] [cpw.mods.modlauncher.TransformationServicesHandler/MODLAUNCHER]: Found transformer services : [mixin,fml]
[20Jul2026 10:59:55.579] [main/DEBUG] [cpw.mods.modlauncher.TransformationServicesHandler/MODLAUNCHER]: Transformation services loading
[20Jul2026 10:59:55.580] [main/DEBUG] [cpw.mods.modlauncher.TransformationServiceDecorator/MODLAUNCHER]: Loading service mixin
[20Jul2026 10:59:55.580] [main/DEBUG] [cpw.mods.modlauncher.TransformationServiceDecorator/MODLAUNCHER]: Loaded service mixin
[20Jul2026 10:59:55.580] [main/DEBUG] [cpw.mods.modlauncher.TransformationServiceDecorator/MODLAUNCHER]: Loading service fml
[20Jul2026 10:59:55.581] [main/DEBUG] [net.neoforged.fml.loading.FMLLoader/CORE]: FML 4.0.43 loading
[20Jul2026 10:59:55.581] [main/DEBUG] [net.neoforged.fml.loading.FMLLoader/CORE]: FML found ModLauncher version : 11.0.5+main.901c6ea8
[20Jul2026 10:59:55.582] [main/DEBUG] [net.neoforged.fml.loading.FMLLoader/CORE]: FML found AccessTransformer version : 10.0.1+139da711
[20Jul2026 10:59:55.582] [main/DEBUG] [net.neoforged.fml.loading.FMLLoader/CORE]: FML found EventBus version : null
[20Jul2026 10:59:55.583] [main/DEBUG] [net.neoforged.fml.loading.FMLLoader/CORE]: Found Runtime Dist Cleaner
[20Jul2026 10:59:55.583] [main/DEBUG] [cpw.mods.modlauncher.TransformationServiceDecorator/MODLAUNCHER]: Loaded service fml
[20Jul2026 10:59:55.584] [main/DEBUG] [cpw.mods.modlauncher.TransformationServicesHandler/MODLAUNCHER]: Configuring option handling for services
[20Jul2026 10:59:55.599] [main/DEBUG] [net.neoforged.fml.loading.FMLServiceProvider/CORE]: Received command line version data  : VersionInfo[neoForgeVersion=21.1.241, fmlVersion=4.0.43, mcVersion=1.21.1, neoFormVersion=20240808.144430]
[20Jul2026 10:59:55.599] [main/DEBUG] [cpw.mods.modlauncher.TransformationServicesHandler/MODLAUNCHER]: Transformation services initializing
[20Jul2026 10:59:55.600] [main/DEBUG] [cpw.mods.modlauncher.TransformationServiceDecorator/MODLAUNCHER]: Initializing transformation service mixin
[20Jul2026 10:59:55.615] [main/DEBUG] [mixin/]: MixinService [ModLauncher] was successfully booted in cpw.mods.cl.ModuleClassLoader@3d8c7aca
[20Jul2026 10:59:55.630] [main/INFO] [mixin/]: SpongePowered MIXIN Subsystem Version=0.8.7 Source=union:/nix/store/hbjpp2mxvkdc3w0jih07prlcbcm9nlnp-neoforge-1.21.1-21.1.241/libraries/net/fabricmc/sponge-mixin/0.15.2+mixin.0.8.7/sponge-mixin-0.15.2+mixin.0.8.7.jar%2373!/ Service=ModLauncher Env=SERVER
[20Jul2026 10:59:55.634] [main/DEBUG] [mixin/]: Initialising Mixin Platform Manager
[20Jul2026 10:59:55.634] [main/DEBUG] [mixin/]: Adding mixin platform agents for container ModLauncher Root Container(ModLauncher:4f56a0a2)
[20Jul2026 10:59:55.635] [main/DEBUG] [mixin/]: Instancing new MixinPlatformAgentMinecraftForge for ModLauncher Root Container(ModLauncher:4f56a0a2)
[20Jul2026 10:59:55.635] [main/DEBUG] [mixin/]: MixinPlatformAgentMinecraftForge rejected container ModLauncher Root Container(ModLauncher:4f56a0a2)
[20Jul2026 10:59:55.636] [main/DEBUG] [mixin/]: Instancing new MixinPlatformAgentDefault for ModLauncher Root Container(ModLauncher:4f56a0a2)
[20Jul2026 10:59:55.636] [main/DEBUG] [mixin/]: MixinPlatformAgentDefault accepted container ModLauncher Root Container(ModLauncher:4f56a0a2)
[20Jul2026 10:59:55.638] [main/DEBUG] [cpw.mods.modlauncher.TransformationServiceDecorator/MODLAUNCHER]: Initialized transformation service mixin
[20Jul2026 10:59:55.638] [main/DEBUG] [cpw.mods.modlauncher.TransformationServiceDecorator/MODLAUNCHER]: Initializing transformation service fml
[20Jul2026 10:59:55.638] [main/DEBUG] [net.neoforged.fml.loading.FMLServiceProvider/CORE]: Setting up basic FML game directories
[20Jul2026 10:59:55.639] [main/DEBUG] [net.neoforged.fml.loading.FMLPaths/CORE]: Path GAMEDIR is /minecraft-servers/glorpCraft/mods
[20Jul2026 10:59:55.639] [main/DEBUG] [net.neoforged.fml.loading.FMLPaths/CORE]: Path MODSDIR is /minecraft-servers/glorpCraft/mods/mods
[20Jul2026 10:59:55.639] [main/DEBUG] [net.neoforged.fml.loading.FMLPaths/CORE]: Path CONFIGDIR is /minecraft-servers/glorpCraft/mods/config
[20Jul2026 10:59:55.639] [main/DEBUG] [net.neoforged.fml.loading.FMLPaths/CORE]: Path FMLCONFIG is /minecraft-servers/glorpCraft/mods/config/fml.toml
[20Jul2026 10:59:55.639] [main/DEBUG] [net.neoforged.fml.loading.FMLServiceProvider/CORE]: Loading configuration
[20Jul2026 10:59:55.642] [main/TRACE] [net.neoforged.fml.loading.FMLConfig/CORE]: Loaded FML config from /minecraft-servers/glorpCraft/mods/config/fml.toml
[20Jul2026 10:59:55.642] [main/TRACE] [net.neoforged.fml.loading.FMLConfig/CORE]: FMLConfig disableConfigWatcher is false
[20Jul2026 10:59:55.642] [main/TRACE] [net.neoforged.fml.loading.FMLConfig/CORE]: FMLConfig earlyWindowControl is true
[20Jul2026 10:59:55.642] [main/TRACE] [net.neoforged.fml.loading.FMLConfig/CORE]: FMLConfig maxThreads is 48
[20Jul2026 10:59:55.642] [main/TRACE] [net.neoforged.fml.loading.FMLConfig/CORE]: FMLConfig versionCheck is true
[20Jul2026 10:59:55.642] [main/TRACE] [net.neoforged.fml.loading.FMLConfig/CORE]: FMLConfig defaultConfigPath is defaultconfigs
[20Jul2026 10:59:55.643] [main/TRACE] [net.neoforged.fml.loading.FMLConfig/CORE]: FMLConfig disableOptimizedDFU is true
[20Jul2026 10:59:55.643] [main/TRACE] [net.neoforged.fml.loading.FMLConfig/CORE]: FMLConfig earlyWindowProvider is fmlearlywindow
[20Jul2026 10:59:55.643] [main/TRACE] [net.neoforged.fml.loading.FMLConfig/CORE]: FMLConfig earlyWindowWidth is 854
[20Jul2026 10:59:55.643] [main/TRACE] [net.neoforged.fml.loading.FMLConfig/CORE]: FMLConfig earlyWindowHeight is 480
[20Jul2026 10:59:55.643] [main/TRACE] [net.neoforged.fml.loading.FMLConfig/CORE]: FMLConfig earlyWindowFBScale is 1
[20Jul2026 10:59:55.643] [main/TRACE] [net.neoforged.fml.loading.FMLConfig/CORE]: FMLConfig earlyWindowMaximized is false
[20Jul2026 10:59:55.643] [main/TRACE] [net.neoforged.fml.loading.FMLConfig/CORE]: FMLConfig earlyWindowSkipGLVersions is []
[20Jul2026 10:59:55.643] [main/TRACE] [net.neoforged.fml.loading.FMLConfig/CORE]: FMLConfig earlyWindowSquir is false
[20Jul2026 10:59:55.646] [main/DEBUG] [net.neoforged.fml.loading.LaunchContext/SCAN]: Located paths when launch context was created: [/nix/store/hbjpp2mxvkdc3w0jih07prlcbcm9nlnp-neoforge-1.21.1-21.1.241/libraries/net/java/dev/jna/jna/5.14.0/jna-5.14.0.jar, /nix/store/hbjpp2mxvkdc3w0jih07prlcbcm9nlnp-neoforge-1.21.1-21.1.241/libraries/io/netty/netty-transport-classes-epoll/4.1.97.Final/netty-transport-classes-epoll-4.1.97.Final.jar, /nix/store/hbjpp2mxvkdc3w0jih07prlcbcm9nlnp-neoforge-1.21.1-21.1.241/libraries/commons-io/commons-io/2.15.1/commons-io-2.15.1.jar, /nix/store/hbjpp2mxvkdc3w0jih07prlcbcm9nlnp-neoforge-1.21.1-21.1.241/libraries/net/java/dev/jna/jna-platform/5.14.0/jna-platform-5.14.0.jar, /nix/store/hbjpp2mxvkdc3w0jih07prlcbcm9nlnp-neoforge-1.21.1-21.1.241/libraries/com/github/oshi/oshi-core/6.4.10/oshi-core-6.4.10.jar, /nix/store/hbjpp2mxvkdc3w0jih07prlcbcm9nlnp-neoforge-1.21.1-21.1.241/libraries/org/apache/maven/maven-artifact/3.8.5/maven-artifact-3.8.5.jar, /nix/store/hbjpp2mxvkdc3w0jih07prlcbcm9nlnp-neoforge-1.21.1-21.1.241/libraries/net/minecraftforge/srgutils/0.4.15/srgutils-0.4.15.jar, /nix/store/hbjpp2mxvkdc3w0jih07prlcbcm9nlnp-neoforge-1.21.1-21.1.241/libraries/org/jline/jline-reader/3.20.0/jline-reader-3.20.0.jar, /nix/store/hbjpp2mxvkdc3w0jih07prlcbcm9nlnp-neoforge-1.21.1-21.1.241/libraries/com/mojang/authlib/6.0.54/authlib-6.0.54.jar, /nix/store/hbjpp2mxvkdc3w0jih07prlcbcm9nlnp-neoforge-1.21.1-21.1.241/libraries/org/antlr/antlr4-runtime/4.13.1/antlr4-runtime-4.13.1.jar, /nix/store/hbjpp2mxvkdc3w0jih07prlcbcm9nlnp-neoforge-1.21.1-21.1.241/libraries/io/netty/netty-transport-native-epoll/4.1.97.Final/netty-transport-native-epoll-4.1.97.Final-linux-aarch_64.jar, /nix/store/hbjpp2mxvkdc3w0jih07prlcbcm9nlnp-neoforge-1.21.1-21.1.241/libraries/net/minecrell/terminalconsoleappender/1.3.0/terminalconsoleappender-1.3.0.jar, /nix/store/hbjpp2mxvkdc3w0jih07prlcbcm9nlnp-neoforge-1.21.1-21.1.241/libraries/net/neoforged/mergetool/2.0.0/mergetool-2.0.0-api.jar, /nix/store/hbjpp2mxvkdc3w0jih07prlcbcm9nlnp-neoforge-1.21.1-21.1.241/libraries/net/fabricmc/sponge-mixin/0.15.2+mixin.0.8.7/sponge-mixin-0.15.2+mixin.0.8.7.jar, /nix/store/hbjpp2mxvkdc3w0jih07prlcbcm9nlnp-neoforge-1.21.1-21.1.241/libraries/org/slf4j/slf4j-api/2.0.9/slf4j-api-2.0.9.jar, /nix/store/hbjpp2mxvkdc3w0jih07prlcbcm9nlnp-neoforge-1.21.1-21.1.241/libraries/com/mojang/logging/1.2.7/logging-1.2.7.jar, /nix/store/hbjpp2mxvkdc3w0jih07prlcbcm9nlnp-neoforge-1.21.1-21.1.241/libraries/com/google/code/gson/gson/2.10.1/gson-2.10.1.jar, /nix/store/hbjpp2mxvkdc3w0jih07prlcbcm9nlnp-neoforge-1.21.1-21.1.241/libraries/net/neoforged/bus/8.0.5/bus-8.0.5.jar, /nix/store/hbjpp2mxvkdc3w0jih07prlcbcm9nlnp-neoforge-1.21.1-21.1.241/libraries/com/google/guava/failureaccess/1.0.1/failureaccess-1.0.1.jar, /nix/store/hbjpp2mxvkdc3w0jih07prlcbcm9nlnp-neoforge-1.21.1-21.1.241/libraries/net/neoforged/JarJarSelector/0.4.1/JarJarSelector-0.4.1.jar, /nix/store/hbjpp2mxvkdc3w0jih07prlcbcm9nlnp-neoforge-1.21.1-21.1.241/libraries/io/netty/netty-codec/4.1.97.Final/netty-codec-4.1.97.Final.jar, /nix/store/hbjpp2mxvkdc3w0jih07prlcbcm9nlnp-neoforge-1.21.1-21.1.241/libraries/it/unimi/dsi/fastutil/8.5.12/fastutil-8.5.12.jar, /nix/store/hbjpp2mxvkdc3w0jih07prlcbcm9nlnp-neoforge-1.21.1-21.1.241/libraries/net/neoforged/accesstransformers/10.0.1/accesstransformers-10.0.1.jar, /nix/store/hbjpp2mxvkdc3w0jih07prlcbcm9nlnp-neoforge-1.21.1-21.1.241/libraries/com/google/errorprone/error_prone_annotations/2.18.0/error_prone_annotations-2.18.0.jar, /nix/store/hbjpp2mxvkdc3w0jih07prlcbcm9nlnp-neoforge-1.21.1-21.1.241/libraries/io/netty/netty-resolver/4.1.97.Final/netty-resolver-4.1.97.Final.jar, /nix/store/hbjpp2mxvkdc3w0jih07prlcbcm9nlnp-neoforge-1.21.1-21.1.241/libraries/org/apache/logging/log4j/log4j-api/2.22.1/log4j-api-2.22.1.jar, /nix/store/hbjpp2mxvkdc3w0jih07prlcbcm9nlnp-neoforge-1.21.1-21.1.241/libraries/com/mojang/brigadier/1.3.10/brigadier-1.3.10.jar, /nix/store/hbjpp2mxvkdc3w0jih07prlcbcm9nlnp-neoforge-1.21.1-21.1.241/libraries/com/electronwill/night-config/core/3.8.3/core-3.8.3.jar, /nix/store/hbjpp2mxvkdc3w0jih07prlcbcm9nlnp-neoforge-1.21.1-21.1.241/libraries/org/codehaus/plexus/plexus-utils/3.3.0/plexus-utils-3.3.0.jar, /nix/store/hbjpp2mxvkdc3w0jih07prlcbcm9nlnp-neoforge-1.21.1-21.1.241/libraries/io/netty/netty-transport-native-epoll/4.1.97.Final/netty-transport-native-epoll-4.1.97.Final-linux-x86_64.jar, /nix/store/hbjpp2mxvkdc3w0jih07prlcbcm9nlnp-neoforge-1.21.1-21.1.241/libraries/org/checkerframework/checker-qual/3.33.0/checker-qual-3.33.0.jar, /nix/store/hbjpp2mxvkdc3w0jih07prlcbcm9nlnp-neoforge-1.21.1-21.1.241/libraries/io/netty/netty-transport-native-unix-common/4.1.97.Final/netty-transport-native-unix-common-4.1.97.Final.jar, /nix/store/hbjpp2mxvkdc3w0jih07prlcbcm9nlnp-neoforge-1.21.1-21.1.241/libraries/com/electronwill/night-config/toml/3.8.3/toml-3.8.3.jar, /nix/store/hbjpp2mxvkdc3w0jih07prlcbcm9nlnp-neoforge-1.21.1-21.1.241/libraries/org/apache/logging/log4j/log4j-core/2.22.1/log4j-core-2.22.1.jar, /nix/store/hbjpp2mxvkdc3w0jih07prlcbcm9nlnp-neoforge-1.21.1-21.1.241/libraries/org/lz4/lz4-java/1.8.0/lz4-java-1.8.0.jar, /nix/store/hbjpp2mxvkdc3w0jih07prlcbcm9nlnp-neoforge-1.21.1-21.1.241/libraries/com/machinezoo/noexception/noexception/1.7.1/noexception-1.7.1.jar, /nix/store/hbjpp2mxvkdc3w0jih07prlcbcm9nlnp-neoforge-1.21.1-21.1.241/libraries/com/google/code/findbugs/jsr305/3.0.2/jsr305-3.0.2.jar, /nix/store/hbjpp2mxvkdc3w0jih07prlcbcm9nlnp-neoforge-1.21.1-21.1.241/libraries/net/neoforged/JarJarMetadata/0.4.1/JarJarMetadata-0.4.1.jar, /nix/store/hbjpp2mxvkdc3w0jih07prlcbcm9nlnp-neoforge-1.21.1-21.1.241/libraries/org/apache/logging/log4j/log4j-slf4j2-impl/2.22.1/log4j-slf4j2-impl-2.22.1.jar, /nix/store/hbjpp2mxvkdc3w0jih07prlcbcm9nlnp-neoforge-1.21.1-21.1.241/libraries/cpw/mods/modlauncher/11.0.5/modlauncher-11.0.5.jar, /nix/store/hbjpp2mxvkdc3w0jih07prlcbcm9nlnp-neoforge-1.21.1-21.1.241/libraries/net/neoforged/coremods/7.0.3/coremods-7.0.3.jar, /nix/store/hbjpp2mxvkdc3w0jih07prlcbcm9nlnp-neoforge-1.21.1-21.1.241/libraries/io/netty/netty-common/4.1.97.Final/netty-common-4.1.97.Final.jar, /nix/store/hbjpp2mxvkdc3w0jih07prlcbcm9nlnp-neoforge-1.21.1-21.1.241/libraries/com/google/guava/guava/32.1.2-jre/guava-32.1.2-jre.jar, /nix/store/hbjpp2mxvkdc3w0jih07prlcbcm9nlnp-neoforge-1.21.1-21.1.241/libraries/org/jline/jline-terminal/3.20.0/jline-terminal-3.20.0.jar, /nix/store/hbjpp2mxvkdc3w0jih07prlcbcm9nlnp-neoforge-1.21.1-21.1.241/libraries/io/netty/netty-buffer/4.1.97.Final/netty-buffer-4.1.97.Final.jar, /nix/store/hbjpp2mxvkdc3w0jih07prlcbcm9nlnp-neoforge-1.21.1-21.1.241/libraries/net/neoforged/fancymodloader/earlydisplay/4.0.43/earlydisplay-4.0.43.jar, /nix/store/hbjpp2mxvkdc3w0jih07prlcbcm9nlnp-neoforge-1.21.1-21.1.241/libraries/net/neoforged/accesstransformers/at-modlauncher/10.0.1/at-modlauncher-10.0.1.jar, /nix/store/hbjpp2mxvkdc3w0jih07prlcbcm9nlnp-neoforge-1.21.1-21.1.241/libraries/io/netty/netty-handler/4.1.97.Final/netty-handler-4.1.97.Final.jar, /nix/store/hbjpp2mxvkdc3w0jih07prlcbcm9nlnp-neoforge-1.21.1-21.1.241/libraries/org/apache/commons/commons-lang3/3.14.0/commons-lang3-3.14.0.jar, /nix/store/hbjpp2mxvkdc3w0jih07prlcbcm9nlnp-neoforge-1.21.1-21.1.241/libraries/net/neoforged/fancymodloader/loader/4.0.43/loader-4.0.43.jar, /nix/store/hbjpp2mxvkdc3w0jih07prlcbcm9nlnp-neoforge-1.21.1-21.1.241/libraries/org/openjdk/nashorn/nashorn-core/15.4/nashorn-core-15.4.jar, /nix/store/hbjpp2mxvkdc3w0jih07prlcbcm9nlnp-neoforge-1.21.1-21.1.241/libraries/com/google/guava/listenablefuture/9999.0-empty-to-avoid-conflict-with-guava/listenablefuture-9999.0-empty-to-avoid-conflict-with-guava.jar, /nix/store/hbjpp2mxvkdc3w0jih07prlcbcm9nlnp-neoforge-1.21.1-21.1.241/libraries/com/mojang/datafixerupper/8.0.16/datafixerupper-8.0.16.jar, /nix/store/hbjpp2mxvkdc3w0jih07prlcbcm9nlnp-neoforge-1.21.1-21.1.241/libraries/net/sf/jopt-simple/jopt-simple/5.0.4/jopt-simple-5.0.4.jar, /nix/store/hbjpp2mxvkdc3w0jih07prlcbcm9nlnp-neoforge-1.21.1-21.1.241/libraries/io/netty/netty-transport/4.1.97.Final/netty-transport-4.1.97.Final.jar, /nix/store/hbjpp2mxvkdc3w0jih07prlcbcm9nlnp-neoforge-1.21.1-21.1.241/libraries/net/jodah/typetools/0.6.3/typetools-0.6.3.jar, /nix/store/hbjpp2mxvkdc3w0jih07prlcbcm9nlnp-neoforge-1.21.1-21.1.241/libraries/com/google/j2objc/j2objc-annotations/2.8/j2objc-annotations-2.8.jar, /nix/store/hbjpp2mxvkdc3w0jih07prlcbcm9nlnp-neoforge-1.21.1-21.1.241/libraries/org/joml/joml/1.10.5/joml-1.10.5.jar]
[20Jul2026 10:59:55.646] [main/DEBUG] [net.neoforged.fml.loading.FMLServiceProvider/CORE]: Preparing launch handler
[20Jul2026 10:59:55.647] [main/DEBUG] [net.neoforged.fml.loading.FMLLoader/CORE]: Using forgeserver as launch service
[20Jul2026 10:59:55.647] [main/DEBUG] [net.neoforged.fml.common.asm.RuntimeDistCleaner/DISTXFORM]: Configuring for Dist DEDICATED_SERVER
[20Jul2026 10:59:55.649] [main/DEBUG] [cpw.mods.modlauncher.TransformationServiceDecorator/MODLAUNCHER]: Initialized transformation service fml
[20Jul2026 10:59:55.650] [main/DEBUG] [cpw.mods.modlauncher.TransformationServicesHandler/MODLAUNCHER]: Transformation services begin scanning
[20Jul2026 10:59:55.651] [main/DEBUG] [cpw.mods.modlauncher.TransformationServiceDecorator/MODLAUNCHER]: Beginning scan trigger - transformation service mixin
[20Jul2026 10:59:55.651] [main/DEBUG] [cpw.mods.modlauncher.TransformationServiceDecorator/MODLAUNCHER]: End scan trigger - transformation service mixin
[20Jul2026 10:59:55.651] [main/DEBUG] [cpw.mods.modlauncher.TransformationServiceDecorator/MODLAUNCHER]: Beginning scan trigger - transformation service fml
[20Jul2026 10:59:55.652] [main/DEBUG] [net.neoforged.fml.loading.FMLServiceProvider/CORE]: Initiating mod scan
[20Jul2026 10:59:55.672] [main/DEBUG] [net.neoforged.fml.util.ServiceLoaderUtil/CORE]: Found 4 implementations of IModFileCandidateLocator:
[20Jul2026 10:59:55.673] [main/DEBUG] [net.neoforged.fml.util.ServiceLoaderUtil/CORE]: 	    1000 - [built-in] net.neoforged.fml.loading.moddiscovery.locators.ProductionServerProvider from loader-4.0.43.jar
[20Jul2026 10:59:55.679] [main/DEBUG] [net.neoforged.fml.util.ServiceLoaderUtil/CORE]: 	    1000 - [built-in] net.neoforged.fml.loading.moddiscovery.locators.PathBasedLocator from loader-4.0.43.jar
[20Jul2026 10:59:55.679] [main/DEBUG] [net.neoforged.fml.util.ServiceLoaderUtil/CORE]: 	       0 - net.neoforged.fml.loading.moddiscovery.locators.ModsFolderLocator from loader-4.0.43.jar
[20Jul2026 10:59:55.679] [main/DEBUG] [net.neoforged.fml.util.ServiceLoaderUtil/CORE]: 	       0 - net.neoforged.fml.loading.moddiscovery.locators.MavenDirectoryLocator from loader-4.0.43.jar
[20Jul2026 10:59:55.682] [main/DEBUG] [net.neoforged.fml.util.ServiceLoaderUtil/CORE]: Found 2 implementations of IModFileReader:
[20Jul2026 10:59:55.682] [main/DEBUG] [net.neoforged.fml.util.ServiceLoaderUtil/CORE]: 	       0 - net.neoforged.fml.loading.moddiscovery.readers.JarModsDotTomlModFileReader from loader-4.0.43.jar
[20Jul2026 10:59:55.682] [main/DEBUG] [net.neoforged.fml.util.ServiceLoaderUtil/CORE]: 	   -1000 - net.neoforged.fml.loading.moddiscovery.readers.NestedLibraryModReader from loader-4.0.43.jar
[20Jul2026 10:59:55.684] [main/DEBUG] [net.neoforged.fml.util.ServiceLoaderUtil/CORE]: Found 1 implementations of IDependencyLocator:
[20Jul2026 10:59:55.684] [main/DEBUG] [net.neoforged.fml.util.ServiceLoaderUtil/CORE]: 	       0 - net.neoforged.fml.loading.moddiscovery.locators.JarInJarDependencyLocator from loader-4.0.43.jar
[20Jul2026 10:59:55.684] [main/DEBUG] [net.neoforged.fml.loading.moddiscovery.ModDiscoverer/SCAN]: Scanning for mods and other resources to load. We know 4 ways to find mods
[20Jul2026 10:59:55.685] [main/DEBUG] [net.neoforged.fml.loading.moddiscovery.ModDiscoverer/SCAN]: Trying locator production server provider +net.neoforged:neoforge:21.1.241:server
[20Jul2026 10:59:55.993] [main/DEBUG] [net.neoforged.fml.loading.moddiscovery.ModFileInfo/LOADING]: Found valid mod file server-1.21.1-20240808.144430-srg.jar with {minecraft} mods - versions {1.21.1}
[20Jul2026 10:59:55.993] [main/INFO] [net.neoforged.fml.loading.moddiscovery.ModDiscoverer/SCAN]: Found mod file "server-1.21.1-20240808.144430-srg.jar" [locator: production server provider +net.neoforged:neoforge:21.1.241:server]
[20Jul2026 10:59:55.994] [main/DEBUG] [net.neoforged.fml.loading.moddiscovery.ModDiscoverer/SCAN]: Locator production server provider +net.neoforged:neoforge:21.1.241:server found 1 mods, 0 warnings, 0 errors and skipped 0 candidates
[20Jul2026 10:59:55.995] [main/DEBUG] [net.neoforged.fml.loading.moddiscovery.ModDiscoverer/SCAN]: Trying locator PathBasedLocator[name=neoforge, paths=[/nix/store/hbjpp2mxvkdc3w0jih07prlcbcm9nlnp-neoforge-1.21.1-21.1.241/libraries/net/neoforged/neoforge/21.1.241/neoforge-21.1.241-universal.jar]]
[20Jul2026 10:59:55.999] [main/DEBUG] [net.neoforged.fml.loading.moddiscovery.readers.JarModsDotTomlModFileReader/SCAN]: Found META-INF/neoforge.mods.toml mod of type null: /nix/store/hbjpp2mxvkdc3w0jih07prlcbcm9nlnp-neoforge-1.21.1-21.1.241/libraries/net/neoforged/neoforge/21.1.241/neoforge-21.1.241-universal.jar
[20Jul2026 10:59:56.000] [main/DEBUG] [net.neoforged.fml.loading.moddiscovery.ModFileParser/LOADING]: Considering mod file candidate /nix/store/hbjpp2mxvkdc3w0jih07prlcbcm9nlnp-neoforge-1.21.1-21.1.241/libraries/net/neoforged/neoforge/21.1.241/neoforge-21.1.241-universal.jar
[20Jul2026 10:59:56.022] [main/DEBUG] [net.neoforged.fml.loading.moddiscovery.ModFileInfo/LOADING]: Found valid mod file neoforge-21.1.241-universal.jar with {neoforge} mods - versions {21.1.241}
[20Jul2026 10:59:56.022] [main/INFO] [net.neoforged.fml.loading.moddiscovery.ModDiscoverer/SCAN]: Found mod file "neoforge-21.1.241-universal.jar" [locator: PathBasedLocator[name=neoforge, paths=[/nix/store/hbjpp2mxvkdc3w0jih07prlcbcm9nlnp-neoforge-1.21.1-21.1.241/libraries/net/neoforged/neoforge/21.1.241/neoforge-21.1.241-universal.jar]], reader: mod manifest]
[20Jul2026 10:59:56.022] [main/DEBUG] [net.neoforged.fml.loading.moddiscovery.ModDiscoverer/SCAN]: Locator PathBasedLocator[name=neoforge, paths=[/nix/store/hbjpp2mxvkdc3w0jih07prlcbcm9nlnp-neoforge-1.21.1-21.1.241/libraries/net/neoforged/neoforge/21.1.241/neoforge-21.1.241-universal.jar]] found 1 mods, 0 warnings, 0 errors and skipped 0 candidates
[20Jul2026 10:59:56.022] [main/DEBUG] [net.neoforged.fml.loading.moddiscovery.ModDiscoverer/SCAN]: Trying locator {mods folder locator at /minecraft-servers/glorpCraft/mods/mods}
[20Jul2026 10:59:56.023] [main/DEBUG] [net.neoforged.fml.loading.moddiscovery.locators.ModsFolderLocator/SCAN]: Scanning mods dir /minecraft-servers/glorpCraft/mods/mods for mods
[20Jul2026 10:59:56.024] [main/DEBUG] [net.neoforged.fml.loading.moddiscovery.ModDiscoverer/SCAN]: Locator {mods folder locator at /minecraft-servers/glorpCraft/mods/mods} found 0 mods, 0 warnings, 0 errors and skipped 0 candidates
[20Jul2026 10:59:56.024] [main/DEBUG] [net.neoforged.fml.loading.moddiscovery.ModDiscoverer/SCAN]: Trying locator maven libs
[20Jul2026 10:59:56.028] [main/DEBUG] [net.neoforged.fml.loading.moddiscovery.ModListHandler/CORE]: Found mod coordinates from lists: []
[20Jul2026 10:59:56.028] [main/DEBUG] [net.neoforged.fml.loading.moddiscovery.ModDiscoverer/SCAN]: Locator maven libs found 0 mods, 0 warnings, 0 errors and skipped 0 candidates
[20Jul2026 10:59:56.035] [main/DEBUG] [net.neoforged.fml.loading.moddiscovery.ModDiscoverer/SCAN]: Successfully Loaded 2 mods. Attempting to load dependencies...
[20Jul2026 10:59:56.035] [main/DEBUG] [net.neoforged.fml.loading.moddiscovery.ModDiscoverer/SCAN]: Trying locator jarinjar
[20Jul2026 10:59:56.039] [main/TRACE] [net.neoforged.fml.loading.moddiscovery.locators.JarInJarDependencyLocator/]: Failed to load resource META-INF/jarjar/metadata.json from server-1.21.1-20240808.144430-srg.jar, it does not contain dependency information.
[20Jul2026 10:59:56.127] [main/DEBUG] [net.neoforged.fml.loading.moddiscovery.readers.JarModsDotTomlModFileReader/SCAN]: Found META-INF/MANIFEST.MF mod of type GAMELIBRARY: 
[20Jul2026 10:59:56.131] [main/DEBUG] [net.neoforged.fml.loading.moddiscovery.readers.JarModsDotTomlModFileReader/SCAN]: Found META-INF/MANIFEST.MF mod of type LIBRARY: 
[20Jul2026 10:59:56.131] [main/TRACE] [net.neoforged.fml.loading.moddiscovery.locators.JarInJarDependencyLocator/]: Failed to load resource META-INF/jarjar/metadata.json from mixinextras-neoforge-0.5.3.jar, it does not contain dependency information.
[20Jul2026 10:59:56.132] [main/TRACE] [net.neoforged.fml.loading.moddiscovery.locators.JarInJarDependencyLocator/]: Failed to load resource META-INF/jarjar/metadata.json from net.neoforged.neoforge-coremods-21.1.241.jar, it does not contain dependency information.
[20Jul2026 10:59:56.175] [main/DEBUG] [net.neoforged.fml.loading.moddiscovery.readers.JarModsDotTomlModFileReader/SCAN]: Found META-INF/MANIFEST.MF mod of type GAMELIBRARY: 
[20Jul2026 10:59:56.176] [main/DEBUG] [net.neoforged.fml.loading.moddiscovery.readers.JarModsDotTomlModFileReader/SCAN]: Found META-INF/MANIFEST.MF mod of type LIBRARY: 
[20Jul2026 10:59:56.179] [main/INFO] [net.neoforged.fml.loading.moddiscovery.locators.JarInJarDependencyLocator/]: Found 2 dependencies adding them to mods collection
[20Jul2026 10:59:56.179] [main/INFO] [net.neoforged.fml.loading.moddiscovery.ModDiscoverer/SCAN]: Found gamelibrary file "mixinextras-neoforge-0.5.3.jar" [parent: neoforge-21.1.241-universal.jar, locator: jarinjar, reader: mod manifest]
[20Jul2026 10:59:56.179] [main/INFO] [net.neoforged.fml.loading.moddiscovery.ModDiscoverer/SCAN]: Found library file "net.neoforged.neoforge-coremods-21.1.241.jar" [parent: neoforge-21.1.241-universal.jar, locator: jarinjar, reader: mod manifest]
[20Jul2026 10:59:56.182] [main/INFO] [net.neoforged.fml.loading.moddiscovery.ModDiscoverer/]: 
     Mod List:
		Name Version (Mod Id)

		Minecraft 1.21.1 (minecraft)
		NeoForge 21.1.241 (neoforge)
[20Jul2026 10:59:56.183] [main/DEBUG] [net.neoforged.fml.loading.moddiscovery.ModFileInfo/LOADING]: Found valid mod file server-1.21.1-20240808.144430-srg.jar with {minecraft} mods - versions {1.21.1}
[20Jul2026 10:59:56.184] [main/DEBUG] [net.neoforged.fml.loading.moddiscovery.ModFile/LOADING]: Loading mod file /nix/store/hbjpp2mxvkdc3w0jih07prlcbcm9nlnp-neoforge-1.21.1-21.1.241/libraries/net/minecraft/server/1.21.1-20240808.144430/server-1.21.1-20240808.144430-srg.jar with languages [LanguageSpec[languageName=minecraft, acceptedVersions=1]]
[20Jul2026 10:59:56.185] [main/DEBUG] [net.neoforged.fml.loading.moddiscovery.ModFileParser/LOADING]: Considering mod file candidate /nix/store/hbjpp2mxvkdc3w0jih07prlcbcm9nlnp-neoforge-1.21.1-21.1.241/libraries/net/neoforged/neoforge/21.1.241/neoforge-21.1.241-universal.jar
[20Jul2026 10:59:56.187] [main/DEBUG] [net.neoforged.fml.loading.moddiscovery.ModFileInfo/LOADING]: Found valid mod file neoforge-21.1.241-universal.jar with {neoforge} mods - versions {21.1.241}
[20Jul2026 10:59:56.187] [main/DEBUG] [net.neoforged.fml.loading.moddiscovery.ModFile/LOADING]: Loading mod file /nix/store/hbjpp2mxvkdc3w0jih07prlcbcm9nlnp-neoforge-1.21.1-21.1.241/libraries/net/neoforged/neoforge/21.1.241/neoforge-21.1.241-universal.jar with languages [LanguageSpec[languageName=javafml, acceptedVersions=[3,]]]
[20Jul2026 10:59:56.188] [main/DEBUG] [net.neoforged.fml.loading.moddiscovery.ModFile/LOADING]: Found mixin config MixinConfig[config=neoforge.mixins.json, requiredMods=[]]
[20Jul2026 10:59:56.189] [main/DEBUG] [net.neoforged.fml.loading.moddiscovery.ModFile/LOADING]: Loading mod file  with languages []
[20Jul2026 10:59:56.191] [main/DEBUG] [net.neoforged.fml.loading.moddiscovery.ModValidator/SCAN]: Found 3 mod files with 2 mods
[20Jul2026 10:59:56.192] [main/DEBUG] [cpw.mods.modlauncher.TransformationServiceDecorator/MODLAUNCHER]: End scan trigger - transformation service fml
[20Jul2026 10:59:56.205] [main/DEBUG] [net.neoforged.fml.util.ServiceLoaderUtil/CORE]: Found 3 implementations of IModLanguageLoader:
[20Jul2026 10:59:56.206] [main/DEBUG] [net.neoforged.fml.util.ServiceLoaderUtil/CORE]: 	net.neoforged.fml.javafmlmod.FMLJavaModLanguageProvider from loader-4.0.43.jar
[20Jul2026 10:59:56.206] [main/DEBUG] [net.neoforged.fml.util.ServiceLoaderUtil/CORE]: 	net.neoforged.fml.lowcodemod.LowCodeModLanguageProvider from loader-4.0.43.jar
[20Jul2026 10:59:56.206] [main/DEBUG] [net.neoforged.fml.util.ServiceLoaderUtil/CORE]: 	net.neoforged.fml.mclanguageprovider.MinecraftModLanguageProvider from loader-4.0.43.jar
[20Jul2026 10:59:56.207] [main/DEBUG] [net.neoforged.fml.loading.LanguageProviderLoader/CORE]: Found language provider javafml, version 4.0.43
[20Jul2026 10:59:56.207] [main/DEBUG] [net.neoforged.fml.loading.LanguageProviderLoader/CORE]: Found language provider lowcodefml, version 4.0.43
[20Jul2026 10:59:56.207] [main/DEBUG] [net.neoforged.fml.loading.LanguageProviderLoader/CORE]: Found language provider minecraft, version 4.0.43
[20Jul2026 10:59:56.213] [main/DEBUG] [net.neoforged.fml.loading.ModSorter/]: Configured system mods: [minecraft, neoforge]
[20Jul2026 10:59:56.214] [main/DEBUG] [net.neoforged.fml.loading.ModSorter/]: Found system mod: minecraft
[20Jul2026 10:59:56.214] [main/DEBUG] [net.neoforged.fml.loading.ModSorter/]: Found system mod: neoforge
[20Jul2026 10:59:56.217] [main/DEBUG] [net.neoforged.fml.loading.ModSorter/LOADING]: Found 0 mod requirements (0 mandatory, 0 optional)
[20Jul2026 10:59:56.218] [main/DEBUG] [net.neoforged.fml.loading.ModSorter/LOADING]: Found 0 mod requirements missing (0 mandatory, 0 optional)
[20Jul2026 10:59:56.240] [main/DEBUG] [net.neoforged.fml.loading.FMLLoader/SCAN]: Adding Access Transformer in /nix/store/hbjpp2mxvkdc3w0jih07prlcbcm9nlnp-neoforge-1.21.1-21.1.241/libraries/net/neoforged/neoforge/21.1.241/neoforge-21.1.241-universal.jar
[20Jul2026 10:59:56.246] [main/DEBUG] [AXFORM/AXFORM]: Loading access transformer accesstransformer.cfg
[20Jul2026 10:59:56.419] [main/DEBUG] [AXFORM/AXFORM]: Loaded access transformer accesstransformer.cfg
[20Jul2026 10:59:56.422] [main/DEBUG] [mixin/]: Adding mixin platform agents for container net.neoforged.fml.loading.mixin.FMLMixinContainerHandle@4d8539de
[20Jul2026 10:59:56.422] [main/DEBUG] [mixin/]: Instancing new MixinPlatformAgentMinecraftForge for net.neoforged.fml.loading.mixin.FMLMixinContainerHandle@4d8539de
[20Jul2026 10:59:56.422] [main/DEBUG] [mixin/]: MixinPlatformAgentMinecraftForge rejected container net.neoforged.fml.loading.mixin.FMLMixinContainerHandle@4d8539de
[20Jul2026 10:59:56.422] [main/DEBUG] [mixin/]: Instancing new MixinPlatformAgentDefault for net.neoforged.fml.loading.mixin.FMLMixinContainerHandle@4d8539de
[20Jul2026 10:59:56.422] [main/DEBUG] [mixin/]: MixinPlatformAgentDefault accepted container net.neoforged.fml.loading.mixin.FMLMixinContainerHandle@4d8539de
[20Jul2026 10:59:56.422] [main/DEBUG] [mixin/]: Instancing new FMLMixinPlatformAgent for net.neoforged.fml.loading.mixin.FMLMixinContainerHandle@4d8539de
[20Jul2026 10:59:56.423] [main/DEBUG] [mixin/]: FMLMixinPlatformAgent accepted container net.neoforged.fml.loading.mixin.FMLMixinContainerHandle@4d8539de
[20Jul2026 10:59:56.461] [main/DEBUG] [cpw.mods.modlauncher.TransformationServicesHandler/MODLAUNCHER]: Transformation services loading transformers
[20Jul2026 10:59:56.462] [main/DEBUG] [cpw.mods.modlauncher.TransformationServiceDecorator/MODLAUNCHER]: Initializing transformers for transformation service mixin
[20Jul2026 10:59:56.463] [main/DEBUG] [cpw.mods.modlauncher.TransformationServiceDecorator/MODLAUNCHER]: Initialized transformers for transformation service mixin
[20Jul2026 10:59:56.463] [main/DEBUG] [cpw.mods.modlauncher.TransformationServiceDecorator/MODLAUNCHER]: Initializing transformers for transformation service fml
[20Jul2026 10:59:56.463] [main/DEBUG] [net.neoforged.fml.loading.FMLServiceProvider/LOADING]: Loading coremod transformers
[20Jul2026 10:59:56.463] [main/DEBUG] [net.neoforged.fml.loading.FMLServiceProvider/CORE]: Not loading coremod script-engine since no mod requested it
[20Jul2026 10:59:56.465] [main/DEBUG] [net.neoforged.fml.util.ServiceLoaderUtil/CORE]: Found 1 implementations of ICoreMod:
[20Jul2026 10:59:56.465] [main/DEBUG] [net.neoforged.fml.util.ServiceLoaderUtil/CORE]: 	net.neoforged.neoforge.coremods.NeoForgeCoreMod from neoforge-21.1.241-universal.jar > net.neoforged.neoforge-coremods-21.1.241.jar
[20Jul2026 10:59:56.476] [main/DEBUG] [net.neoforged.fml.loading.FMLServiceProvider/CORE]: Adding [Target[className=net.minecraft.world.level.biome.Biome, elementName=, elementDescriptor=, targetType=cpw.mods.modlauncher.api.TargetType@5965be2d]] transformer from core-mod net.neoforged.neoforge.coremods.NeoForgeCoreMod@710d7aff in neoforge-21.1.241-universal.jar > net.neoforged.neoforge-coremods-21.1.241.jar
[20Jul2026 10:59:56.476] [main/DEBUG] [net.neoforged.fml.loading.FMLServiceProvider/CORE]: Adding [Target[className=net.minecraft.world.level.levelgen.structure.Structure, elementName=, elementDescriptor=, targetType=cpw.mods.modlauncher.api.TargetType@5965be2d]] transformer from core-mod net.neoforged.neoforge.coremods.NeoForgeCoreMod@710d7aff in neoforge-21.1.241-universal.jar > net.neoforged.neoforge-coremods-21.1.241.jar
[20Jul2026 10:59:56.477] [main/DEBUG] [net.neoforged.fml.loading.FMLServiceProvider/CORE]: Adding [Target[className=net.minecraft.world.level.block.FlowerPotBlock, elementName=, elementDescriptor=, targetType=cpw.mods.modlauncher.api.TargetType@5965be2d]] transformer from core-mod net.neoforged.neoforge.coremods.NeoForgeCoreMod@710d7aff in neoforge-21.1.241-universal.jar > net.neoforged.neoforge-coremods-21.1.241.jar
[20Jul2026 10:59:56.477] [main/DEBUG] [net.neoforged.fml.loading.FMLServiceProvider/CORE]: Adding [Target[className=net/minecraft/server/commands/RaidCommand, elementName=, elementDescriptor=, targetType=cpw.mods.modlauncher.api.TargetType@5965be2d], Target[className=net/minecraft/world/entity/animal/frog/Tadpole, elementName=, elementDescriptor=, targetType=cpw.mods.modlauncher.api.TargetType@5965be2d], Target[className=net/minecraft/world/level/levelgen/structure/structures/SwampHutPiece, elementName=, elementDescriptor=, targetType=cpw.mods.modlauncher.api.TargetType@5965be2d], Target[className=net/minecraft/world/entity/EntityType, elementName=, elementDescriptor=, targetType=cpw.mods.modlauncher.api.TargetType@5965be2d], Target[className=net/minecraft/world/entity/monster/Strider, elementName=, elementDescriptor=, targetType=cpw.mods.modlauncher.api.TargetType@5965be2d], Target[className=net/minecraft/world/level/levelgen/structure/templatesystem/StructureTemplate, elementName=, elementDescriptor=, targetType=cpw.mods.modlauncher.api.TargetType@5965be2d], Target[className=net/minecraft/world/entity/animal/horse/SkeletonTrapGoal, elementName=, elementDescriptor=, targetType=cpw.mods.modlauncher.api.TargetType@5965be2d], Target[className=net/minecraft/world/level/levelgen/structure/structures/OceanRuinPieces$OceanRuinPiece, elementName=, elementDescriptor=, targetType=cpw.mods.modlauncher.api.TargetType@5965be2d], Target[className=net/minecraft/world/level/levelgen/PatrolSpawner, elementName=, elementDescriptor=, targetType=cpw.mods.modlauncher.api.TargetType@5965be2d], Target[className=net/minecraft/world/entity/ai/village/VillageSiege, elementName=, elementDescriptor=, targetType=cpw.mods.modlauncher.api.TargetType@5965be2d], Target[className=net/minecraft/world/entity/monster/Evoker$EvokerSummonSpellGoal, elementName=, elementDescriptor=, targetType=cpw.mods.modlauncher.api.TargetType@5965be2d], Target[className=net/minecraft/server/commands/SummonCommand, elementName=, elementDescriptor=, targetType=cpw.mods.modlauncher.api.TargetType@5965be2d], Target[className=net/minecraft/world/level/levelgen/PhantomSpawner, elementName=, elementDescriptor=, targetType=cpw.mods.modlauncher.api.TargetType@5965be2d], Target[className=net/minecraft/world/level/levelgen/structure/structures/WoodlandMansionPieces$WoodlandMansionPiece, elementName=, elementDescriptor=, targetType=cpw.mods.modlauncher.api.TargetType@5965be2d], Target[className=net/minecraft/world/entity/npc/CatSpawner, elementName=, elementDescriptor=, targetType=cpw.mods.modlauncher.api.TargetType@5965be2d], Target[className=net/minecraft/world/entity/monster/Zombie, elementName=, elementDescriptor=, targetType=cpw.mods.modlauncher.api.TargetType@5965be2d], Target[className=net/minecraft/world/entity/npc/Villager, elementName=, elementDescriptor=, targetType=cpw.mods.modlauncher.api.TargetType@5965be2d], Target[className=net/minecraft/world/entity/raid/Raid, elementName=, elementDescriptor=, targetType=cpw.mods.modlauncher.api.TargetType@5965be2d], Target[className=net/minecraft/world/level/NaturalSpawner, elementName=, elementDescriptor=, targetType=cpw.mods.modlauncher.api.TargetType@5965be2d], Target[className=net/minecraft/world/entity/monster/Spider, elementName=, elementDescriptor=, targetType=cpw.mods.modlauncher.api.TargetType@5965be2d], Target[className=net/minecraft/world/level/levelgen/structure/structures/OceanMonumentPieces$OceanMonumentPiece, elementName=, elementDescriptor=, targetType=cpw.mods.modlauncher.api.TargetType@5965be2d], Target[className=net/minecraft/world/entity/monster/ZombieVillager, elementName=, elementDescriptor=, targetType=cpw.mods.modlauncher.api.TargetType@5965be2d]] transformer from core-mod net.neoforged.neoforge.coremods.NeoForgeCoreMod@710d7aff in neoforge-21.1.241-universal.jar > net.neoforged.neoforge-coremods-21.1.241.jar
[20Jul2026 10:59:56.481] [main/DEBUG] [cpw.mods.modlauncher.TransformStore/MODLAUNCHER]: Adding transformer net.neoforged.neoforge.coremods.ReplaceFieldWithGetterAccess@2c779e5 to Target : cpw.mods.modlauncher.api.TargetType@5965be2d {Lnet/minecraft/world/level/biome/Biome;} {} {V}
[20Jul2026 10:59:56.483] [main/DEBUG] [cpw.mods.modlauncher.TransformStore/MODLAUNCHER]: Adding transformer net.neoforged.neoforge.coremods.ReplaceFieldWithGetterAccess@68e62ca4 to Target : cpw.mods.modlauncher.api.TargetType@5965be2d {Lnet/minecraft/world/level/levelgen/structure/Structure;} {} {V}
[20Jul2026 10:59:56.483] [main/DEBUG] [cpw.mods.modlauncher.TransformStore/MODLAUNCHER]: Adding transformer net.neoforged.neoforge.coremods.ReplaceFieldWithGetterAccess@5328a9c1 to Target : cpw.mods.modlauncher.api.TargetType@5965be2d {Lnet/minecraft/world/level/block/FlowerPotBlock;} {} {V}
[20Jul2026 10:59:56.483] [main/DEBUG] [cpw.mods.modlauncher.TransformStore/MODLAUNCHER]: Adding transformer net.neoforged.neoforge.coremods.MethodRedirector@5b78fdb1 to Target : cpw.mods.modlauncher.api.TargetType@5965be2d {Lnet/minecraft/server/commands/RaidCommand;} {} {V}
[20Jul2026 10:59:56.483] [main/DEBUG] [cpw.mods.modlauncher.TransformStore/MODLAUNCHER]: Adding transformer net.neoforged.neoforge.coremods.MethodRedirector@5b78fdb1 to Target : cpw.mods.modlauncher.api.TargetType@5965be2d {Lnet/minecraft/world/entity/animal/frog/Tadpole;} {} {V}
[20Jul2026 10:59:56.484] [main/DEBUG] [cpw.mods.modlauncher.TransformStore/MODLAUNCHER]: Adding transformer net.neoforged.neoforge.coremods.MethodRedirector@5b78fdb1 to Target : cpw.mods.modlauncher.api.TargetType@5965be2d {Lnet/minecraft/world/level/levelgen/structure/structures/SwampHutPiece;} {} {V}
[20Jul2026 10:59:56.484] [main/DEBUG] [cpw.mods.modlauncher.TransformStore/MODLAUNCHER]: Adding transformer net.neoforged.neoforge.coremods.MethodRedirector@5b78fdb1 to Target : cpw.mods.modlauncher.api.TargetType@5965be2d {Lnet/minecraft/world/entity/EntityType;} {} {V}
[20Jul2026 10:59:56.484] [main/DEBUG] [cpw.mods.modlauncher.TransformStore/MODLAUNCHER]: Adding transformer net.neoforged.neoforge.coremods.MethodRedirector@5b78fdb1 to Target : cpw.mods.modlauncher.api.TargetType@5965be2d {Lnet/minecraft/world/entity/monster/Strider;} {} {V}
[20Jul2026 10:59:56.485] [main/DEBUG] [cpw.mods.modlauncher.TransformStore/MODLAUNCHER]: Adding transformer net.neoforged.neoforge.coremods.MethodRedirector@5b78fdb1 to Target : cpw.mods.modlauncher.api.TargetType@5965be2d {Lnet/minecraft/world/level/levelgen/structure/templatesystem/StructureTemplate;} {} {V}
[20Jul2026 10:59:56.485] [main/DEBUG] [cpw.mods.modlauncher.TransformStore/MODLAUNCHER]: Adding transformer net.neoforged.neoforge.coremods.MethodRedirector@5b78fdb1 to Target : cpw.mods.modlauncher.api.TargetType@5965be2d {Lnet/minecraft/world/entity/animal/horse/SkeletonTrapGoal;} {} {V}
[20Jul2026 10:59:56.485] [main/DEBUG] [cpw.mods.modlauncher.TransformStore/MODLAUNCHER]: Adding transformer net.neoforged.neoforge.coremods.MethodRedirector@5b78fdb1 to Target : cpw.mods.modlauncher.api.TargetType@5965be2d {Lnet/minecraft/world/level/levelgen/structure/structures/OceanRuinPieces$OceanRuinPiece;} {} {V}
[20Jul2026 10:59:56.485] [main/DEBUG] [cpw.mods.modlauncher.TransformStore/MODLAUNCHER]: Adding transformer net.neoforged.neoforge.coremods.MethodRedirector@5b78fdb1 to Target : cpw.mods.modlauncher.api.TargetType@5965be2d {Lnet/minecraft/world/level/levelgen/PatrolSpawner;} {} {V}
[20Jul2026 10:59:56.486] [main/DEBUG] [cpw.mods.modlauncher.TransformStore/MODLAUNCHER]: Adding transformer net.neoforged.neoforge.coremods.MethodRedirector@5b78fdb1 to Target : cpw.mods.modlauncher.api.TargetType@5965be2d {Lnet/minecraft/world/entity/ai/village/VillageSiege;} {} {V}
[20Jul2026 10:59:56.486] [main/DEBUG] [cpw.mods.modlauncher.TransformStore/MODLAUNCHER]: Adding transformer net.neoforged.neoforge.coremods.MethodRedirector@5b78fdb1 to Target : cpw.mods.modlauncher.api.TargetType@5965be2d {Lnet/minecraft/world/entity/monster/Evoker$EvokerSummonSpellGoal;} {} {V}
[20Jul2026 10:59:56.486] [main/DEBUG] [cpw.mods.modlauncher.TransformStore/MODLAUNCHER]: Adding transformer net.neoforged.neoforge.coremods.MethodRedirector@5b78fdb1 to Target : cpw.mods.modlauncher.api.TargetType@5965be2d {Lnet/minecraft/server/commands/SummonCommand;} {} {V}
[20Jul2026 10:59:56.486] [main/DEBUG] [cpw.mods.modlauncher.TransformStore/MODLAUNCHER]: Adding transformer net.neoforged.neoforge.coremods.MethodRedirector@5b78fdb1 to Target : cpw.mods.modlauncher.api.TargetType@5965be2d {Lnet/minecraft/world/level/levelgen/PhantomSpawner;} {} {V}
[20Jul2026 10:59:56.486] [main/DEBUG] [cpw.mods.modlauncher.TransformStore/MODLAUNCHER]: Adding transformer net.neoforged.neoforge.coremods.MethodRedirector@5b78fdb1 to Target : cpw.mods.modlauncher.api.TargetType@5965be2d {Lnet/minecraft/world/level/levelgen/structure/structures/WoodlandMansionPieces$WoodlandMansionPiece;} {} {V}
[20Jul2026 10:59:56.487] [main/DEBUG] [cpw.mods.modlauncher.TransformStore/MODLAUNCHER]: Adding transformer net.neoforged.neoforge.coremods.MethodRedirector@5b78fdb1 to Target : cpw.mods.modlauncher.api.TargetType@5965be2d {Lnet/minecraft/world/entity/npc/CatSpawner;} {} {V}
[20Jul2026 10:59:56.487] [main/DEBUG] [cpw.mods.modlauncher.TransformStore/MODLAUNCHER]: Adding transformer net.neoforged.neoforge.coremods.MethodRedirector@5b78fdb1 to Target : cpw.mods.modlauncher.api.TargetType@5965be2d {Lnet/minecraft/world/entity/monster/Zombie;} {} {V}
[20Jul2026 10:59:56.487] [main/DEBUG] [cpw.mods.modlauncher.TransformStore/MODLAUNCHER]: Adding transformer net.neoforged.neoforge.coremods.MethodRedirector@5b78fdb1 to Target : cpw.mods.modlauncher.api.TargetType@5965be2d {Lnet/minecraft/world/entity/npc/Villager;} {} {V}
[20Jul2026 10:59:56.487] [main/DEBUG] [cpw.mods.modlauncher.TransformStore/MODLAUNCHER]: Adding transformer net.neoforged.neoforge.coremods.MethodRedirector@5b78fdb1 to Target : cpw.mods.modlauncher.api.TargetType@5965be2d {Lnet/minecraft/world/entity/raid/Raid;} {} {V}
[20Jul2026 10:59:56.487] [main/DEBUG] [cpw.mods.modlauncher.TransformStore/MODLAUNCHER]: Adding transformer net.neoforged.neoforge.coremods.MethodRedirector@5b78fdb1 to Target : cpw.mods.modlauncher.api.TargetType@5965be2d {Lnet/minecraft/world/level/NaturalSpawner;} {} {V}
[20Jul2026 10:59:56.488] [main/DEBUG] [cpw.mods.modlauncher.TransformStore/MODLAUNCHER]: Adding transformer net.neoforged.neoforge.coremods.MethodRedirector@5b78fdb1 to Target : cpw.mods.modlauncher.api.TargetType@5965be2d {Lnet/minecraft/world/entity/monster/Spider;} {} {V}
[20Jul2026 10:59:56.488] [main/DEBUG] [cpw.mods.modlauncher.TransformStore/MODLAUNCHER]: Adding transformer net.neoforged.neoforge.coremods.MethodRedirector@5b78fdb1 to Target : cpw.mods.modlauncher.api.TargetType@5965be2d {Lnet/minecraft/world/level/levelgen/structure/structures/OceanMonumentPieces$OceanMonumentPiece;} {} {V}
[20Jul2026 10:59:56.488] [main/DEBUG] [cpw.mods.modlauncher.TransformStore/MODLAUNCHER]: Adding transformer net.neoforged.neoforge.coremods.MethodRedirector@5b78fdb1 to Target : cpw.mods.modlauncher.api.TargetType@5965be2d {Lnet/minecraft/world/entity/monster/ZombieVillager;} {} {V}
[20Jul2026 10:59:56.488] [main/DEBUG] [cpw.mods.modlauncher.TransformationServiceDecorator/MODLAUNCHER]: Initialized transformers for transformation service fml
[20Jul2026 10:59:56.643] [main/DEBUG] [mixin/]: Processing prepare() for PlatformAgent[MixinPlatformAgentDefault:ModLauncher Root Container(ModLauncher:4f56a0a2)]
[20Jul2026 10:59:56.643] [main/DEBUG] [mixin/]: Processing prepare() for PlatformAgent[MixinPlatformAgentDefault:net.neoforged.fml.loading.mixin.FMLMixinContainerHandle@4d8539de]
[20Jul2026 10:59:56.644] [main/DEBUG] [mixin/]: Processing prepare() for PlatformAgent[FMLMixinPlatformAgent:null]
[20Jul2026 10:59:56.708] [main/DEBUG] [mixin/]: Processing launch tasks for PlatformAgent[MixinPlatformAgentDefault:ModLauncher Root Container(ModLauncher:4f56a0a2)]
[20Jul2026 10:59:56.708] [main/DEBUG] [mixin/]: Adding mixin platform agents for container SecureJarResource(mixin_synthetic)
[20Jul2026 10:59:56.708] [main/DEBUG] [mixin/]: Instancing new MixinPlatformAgentMinecraftForge for SecureJarResource(mixin_synthetic)
[20Jul2026 10:59:56.709] [main/DEBUG] [mixin/]: MixinPlatformAgentMinecraftForge rejected container SecureJarResource(mixin_synthetic)
[20Jul2026 10:59:56.709] [main/DEBUG] [mixin/]: Instancing new MixinPlatformAgentDefault for SecureJarResource(mixin_synthetic)
[20Jul2026 10:59:56.709] [main/DEBUG] [mixin/]: MixinPlatformAgentDefault accepted container SecureJarResource(mixin_synthetic)
[20Jul2026 10:59:56.709] [main/DEBUG] [mixin/]: Instancing new FMLMixinPlatformAgent for SecureJarResource(mixin_synthetic)
[20Jul2026 10:59:56.709] [main/DEBUG] [mixin/]: FMLMixinPlatformAgent rejected container SecureJarResource(mixin_synthetic)
[20Jul2026 10:59:56.709] [main/DEBUG] [mixin/]: Processing prepare() for PlatformAgent[MixinPlatformAgentDefault:SecureJarResource(mixin_synthetic)]
[20Jul2026 10:59:56.710] [main/DEBUG] [mixin/]: Adding mixin platform agents for container SecureJarResource(minecraft)
[20Jul2026 10:59:56.710] [main/DEBUG] [mixin/]: Instancing new MixinPlatformAgentMinecraftForge for SecureJarResource(minecraft)
[20Jul2026 10:59:56.710] [main/DEBUG] [mixin/]: MixinPlatformAgentMinecraftForge rejected container SecureJarResource(minecraft)
[20Jul2026 10:59:56.710] [main/DEBUG] [mixin/]: Instancing new MixinPlatformAgentDefault for SecureJarResource(minecraft)
[20Jul2026 10:59:56.710] [main/DEBUG] [mixin/]: MixinPlatformAgentDefault accepted container SecureJarResource(minecraft)
[20Jul2026 10:59:56.711] [main/DEBUG] [mixin/]: Instancing new FMLMixinPlatformAgent for SecureJarResource(minecraft)
[20Jul2026 10:59:56.711] [main/DEBUG] [mixin/]: FMLMixinPlatformAgent rejected container SecureJarResource(minecraft)
[20Jul2026 10:59:56.711] [main/DEBUG] [mixin/]: Processing prepare() for PlatformAgent[MixinPlatformAgentDefault:SecureJarResource(minecraft)]
[20Jul2026 10:59:56.711] [main/DEBUG] [mixin/]: Adding mixin platform agents for container SecureJarResource(neoforge)
[20Jul2026 10:59:56.711] [main/DEBUG] [mixin/]: Instancing new MixinPlatformAgentMinecraftForge for SecureJarResource(neoforge)
[20Jul2026 10:59:56.711] [main/DEBUG] [mixin/]: MixinPlatformAgentMinecraftForge rejected container SecureJarResource(neoforge)
[20Jul2026 10:59:56.712] [main/DEBUG] [mixin/]: Instancing new MixinPlatformAgentDefault for SecureJarResource(neoforge)
[20Jul2026 10:59:56.712] [main/DEBUG] [mixin/]: MixinPlatformAgentDefault accepted container SecureJarResource(neoforge)
[20Jul2026 10:59:56.712] [main/DEBUG] [mixin/]: Instancing new FMLMixinPlatformAgent for SecureJarResource(neoforge)
[20Jul2026 10:59:56.712] [main/DEBUG] [mixin/]: FMLMixinPlatformAgent rejected container SecureJarResource(neoforge)
[20Jul2026 10:59:56.712] [main/DEBUG] [mixin/]: Processing prepare() for PlatformAgent[MixinPlatformAgentDefault:SecureJarResource(neoforge)]
[20Jul2026 10:59:56.712] [main/DEBUG] [mixin/]: Adding mixin platform agents for container SecureJarResource(mixinextras.neoforge)
[20Jul2026 10:59:56.713] [main/DEBUG] [mixin/]: Instancing new MixinPlatformAgentMinecraftForge for SecureJarResource(mixinextras.neoforge)
[20Jul2026 10:59:56.713] [main/DEBUG] [mixin/]: MixinPlatformAgentMinecraftForge rejected container SecureJarResource(mixinextras.neoforge)
[20Jul2026 10:59:56.713] [main/DEBUG] [mixin/]: Instancing new MixinPlatformAgentDefault for SecureJarResource(mixinextras.neoforge)
[20Jul2026 10:59:56.713] [main/DEBUG] [mixin/]: MixinPlatformAgentDefault accepted container SecureJarResource(mixinextras.neoforge)
[20Jul2026 10:59:56.713] [main/DEBUG] [mixin/]: Instancing new FMLMixinPlatformAgent for SecureJarResource(mixinextras.neoforge)
[20Jul2026 10:59:56.714] [main/DEBUG] [mixin/]: FMLMixinPlatformAgent rejected container SecureJarResource(mixinextras.neoforge)
[20Jul2026 10:59:56.714] [main/DEBUG] [mixin/]: Processing prepare() for PlatformAgent[MixinPlatformAgentDefault:SecureJarResource(mixinextras.neoforge)]
[20Jul2026 10:59:56.714] [main/DEBUG] [mixin/]: Registering mixin config: mixinextras.init.mixins.json source=SecureJarResource(mixinextras.neoforge)
[20Jul2026 10:59:56.716] [main/DEBUG] [mixin/]: inject() running with 6 agents
[20Jul2026 10:59:56.717] [main/DEBUG] [mixin/]: Processing inject() for PlatformAgent[MixinPlatformAgentDefault:ModLauncher Root Container(ModLauncher:4f56a0a2)]
[20Jul2026 10:59:56.717] [main/DEBUG] [mixin/]: Processing inject() for PlatformAgent[MixinPlatformAgentDefault:net.neoforged.fml.loading.mixin.FMLMixinContainerHandle@4d8539de]
[20Jul2026 10:59:56.717] [main/DEBUG] [mixin/]: Processing inject() for PlatformAgent[FMLMixinPlatformAgent:null]
[20Jul2026 10:59:56.717] [main/DEBUG] [mixin/]: Processing inject() for PlatformAgent[MixinPlatformAgentDefault:SecureJarResource(mixin_synthetic)]
[20Jul2026 10:59:56.718] [main/DEBUG] [mixin/]: Processing inject() for PlatformAgent[MixinPlatformAgentDefault:SecureJarResource(minecraft)]
[20Jul2026 10:59:56.718] [main/DEBUG] [mixin/]: Processing inject() for PlatformAgent[MixinPlatformAgentDefault:SecureJarResource(neoforge)]
[20Jul2026 10:59:56.718] [main/DEBUG] [mixin/]: Processing inject() for PlatformAgent[MixinPlatformAgentDefault:SecureJarResource(mixinextras.neoforge)]
[20Jul2026 10:59:56.718] [main/INFO] [cpw.mods.modlauncher.LaunchServiceHandler/MODLAUNCHER]: Launching target 'forgeserver' with arguments []
[20Jul2026 10:59:56.754] [main/DEBUG] [mixin/]: Preparing mixins for MixinEnvironment[DEFAULT]
[20Jul2026 10:59:56.754] [main/DEBUG] [mixin/]: Selecting config neoforge.mixins.json
[20Jul2026 10:59:56.758] [main/DEBUG] [mixin/]: Selecting config mixinextras.init.mixins.json
[20Jul2026 10:59:56.806] [main/DEBUG] [MixinExtras|Service/]: com.llamalad7.mixinextras.service.MixinExtrasServiceImpl(version=0.5.3) is taking over from null
[20Jul2026 10:59:56.846] [main/DEBUG] [mixin/]: Registering new injector for @Inject with org.spongepowered.asm.mixin.injection.struct.CallbackInjectionInfo
[20Jul2026 10:59:56.847] [main/DEBUG] [mixin/]: Registering new injector for @ModifyArg with org.spongepowered.asm.mixin.injection.struct.ModifyArgInjectionInfo
[20Jul2026 10:59:56.848] [main/DEBUG] [mixin/]: Registering new injector for @ModifyArgs with org.spongepowered.asm.mixin.injection.struct.ModifyArgsInjectionInfo
[20Jul2026 10:59:56.849] [main/DEBUG] [mixin/]: Registering new injector for @Redirect with org.spongepowered.asm.mixin.injection.struct.RedirectInjectionInfo
[20Jul2026 10:59:56.851] [main/DEBUG] [mixin/]: Registering new injector for @ModifyVariable with org.spongepowered.asm.mixin.injection.struct.ModifyVariableInjectionInfo
[20Jul2026 10:59:56.852] [main/DEBUG] [mixin/]: Registering new injector for @ModifyConstant with org.spongepowered.asm.mixin.injection.struct.ModifyConstantInjectionInfo
[20Jul2026 10:59:56.864] [main/DEBUG] [mixin/]: Preparing neoforge.mixins.json (2)
[20Jul2026 10:59:56.881] [main/DEBUG] [net.neoforged.accesstransformer.AccessTransformer/AXFORM]: Transforming net.minecraft.world.level.block.entity.BlockEntityType INNERCLASS BlockEntitySupplier to access PUBLIC and LEAVE
[20Jul2026 10:59:56.902] [main/TRACE] [mixin/]: Added class metadata for net/minecraft/world/level/block/entity/BlockEntityType to metadata cache
[20Jul2026 10:59:56.907] [main/TRACE] [mixin/]: Added class metadata for net/minecraft/core/MappedRegistry to metadata cache
[20Jul2026 10:59:56.908] [main/DEBUG] [mixin/]: Preparing mixinextras.init.mixins.json (0)
[20Jul2026 10:59:57.132] [main/DEBUG] [io.netty.util.internal.logging.InternalLoggerFactory/]: Using SLF4J as the default logging framework
[20Jul2026 10:59:57.135] [main/DEBUG] [io.netty.util.ResourceLeakDetector/]: -Dio.netty.leakDetection.level: simple
[20Jul2026 10:59:57.135] [main/DEBUG] [io.netty.util.ResourceLeakDetector/]: -Dio.netty.leakDetection.targetRecords: 4
[20Jul2026 10:59:57.300] [main/INFO] [net.minecraft.server.Main/]: You need to agree to the EULA in order to run the server. Go to eula.txt for more info.
